
[1m[46m RUN [49m[22m [36mv4.0.18 [39m[90mC:/Users/INSTALLER/Desktop/PAYME/frontend[39m

 [32m✓[39m src/test/App.test.tsx [2m([22m[2m1 test[22m[2m)[22m[33m 708[2mms[22m[39m
     [33m[2m✓[22m[39m renders the main application brand name [33m 701[2mms[22m[39m

[2m Test Files [22m [1m[32m1 passed[39m[22m[90m (1)[39m
[2m      Tests [22m [1m[32m1 passed[39m[22m[90m (1)[39m
[2m   Start at [22m 08:56:20
[2m   Duration [22m 13.09s[2m (transform 940ms, setup 396ms, import 9.47s, tests 708ms, environment 2.05s)[22m

